AT|http://mirror.easyname.at/blackarch/$repo/os/$arch|easyname
AU|http://blackarch.mirror.digitalpacific.com.au/$repo/os/$arch|digitalpacific
CH|http://mirror.easyname.ch/blackarch/$repo/os/$arch|easyname
CH|https://mirror.tillo.ch/ftp/blackarch/$repo/os/$arch|tillo
CN|https://mirror.sjtu.edu.cn/blackarch/$repo/os/$arch|SJTUG
CN|https://mirrors.tuna.tsinghua.edu.cn/blackarch/$repo/os/$arch|TUNA
CN|https://mirrors.ustc.edu.cn/blackarch/$repo/os/$arch|USTC
DE|http://blackarch.unixpeople.org/$repo/os/$arch|unixpeople
DE|http://mirror.undisclose.de/blackarch/$repo/os/$arch|undisclose
DE|https://blackarch.unixpeople.org/$repo/os/$arch|unixpeople
DE|https://ftp.halifax.rwth-aachen.de/blackarch/$repo/os/$arch|RWTH-Aachen
DE|https://mirrors.dr460nf1r3.me/repos/blackarch/$repo/os/$arch|GarudaLinux
DE|https://mirror.undisclose.de/blackarch/$repo/os/$arch|undisclose
DK|https://mirrors.dotsrc.org/blackarch/$repo/os/$arch|dotsrc
EC|http://mirror.cedia.org.ec/blackarch/$repo/os/$arch|eseerror
EC|https://mirror.cedia.org.ec/blackarch/$repo/os/$arch|eseerror
EC|https://mirror.uta.edu.ec/blackarch/$repo/os/$arch|eseerror
FR|http://blackarch.leneveu.fr/$repo/os/$arch|JayCie
FR|http://blackarch.pi3rrot.net/blackarch/$repo/os/$arch|Pi3rrot
FR|http://mirror.cyberbits.eu/blackarch/$repo/os/$arch|cyberbits.eu
FR|https://blackarch.org/blackarch/$repo/os/$arch|blackarch
FR|https://mirror.cyberbits.eu/blackarch/$repo/os/$arch|cyberbits.eu
GB|https://www.mirrorservice.org/sites/blackarch.org/blackarch/$repo/os/$arch|mirrorservice
GB|http://www.mirrorservice.org/sites/blackarch.org/blackarch/$repo/os/$arch|mirrorservice
GR|http://ftp.cc.uoc.gr/mirrors/linux/blackarch/$repo/os/$arch|cc.uoc.gr
HU|https://quantum-mirror.hu/mirrors/pub/blackarch/$repo/os/$arch|quantum-mirror
IT|http://blackarch.mirror.garr.it/mirrors/blackarch/$repo/os/$arch|garr
IT|https://blackarch.mirror.garr.it/mirrors/blackarch/$repo/os/$arch|garr
JP|http://ftp.kddilabs.jp/Linux/packages/blackarch/$repo/os/$arch|kddilabs
JP|https://ftp.kddilabs.jp/Linux/packages/blackarch/$repo/os/$arch|kddilabs
JP|http://www.ftp.ne.jp/Linux/packages/blackarch/$repo/os/$arch|ne
NL|http://mirror.neostrada.nl/blackarch/$repo/os/$arch|neostrada
NL|http://mirror.serverion.com/blackarch/$repo/os/$arch|serverion
NL|https://blackarch.pr0s3c.nl/blackarch/$repo/os/$arch|pr0s3c
NL|https://mirror.neostrada.nl/blackarch/$repo/os/$arch|neostrada
NL|https://mirror.serverion.com/blackarch/$repo/os/$arch|serverion
NZ|http://nz-mirror.intergrid.com.au/blackarch/$repo/os/$arch|intergrid
PL|http://ftp.icm.edu.pl/pub/Linux/dist/blackarch/$repo/os/$arch|ICMuniversity
PL|https://ftp.icm.edu.pl/pub/Linux/dist/blackarch/$repo/os/$arch|ICMuniversity
RU|http://mirror.surf/blackarch/$repo/os/$arch|mirror.surf
RU|http://mirror.truenetwork.ru/blackarch/$repo/os/$arch|truenetwork
RU|https://mirror.truenetwork.ru/blackarch/$repo/os/$arch|truenetwork
RU|https://mirror.yandex.ru/mirrors/blackarch/$repo/os/$arch|yandex
SE|http://mirror.zetup.net/blackarch/$repo/os/$arch|zetup
SE|https://mirror.zetup.net/blackarch/$repo/os/$arch|zetup
SG|http://download.nus.edu.sg/mirror/blackarch/$repo/os/$arch|NUS
SG|https://download.nus.edu.sg/mirror/blackarch/$repo/os/$arch|NUS
TR|http://ftp.linux.org.tr/blackarch/$repo/os/$arch|linux.org.tr
TR|https://ftp.linux.org.tr/blackarch/$repo/os/$arch|linux.org.tr
TW|http://blackarch.cs.nctu.edu.tw/$repo/os/$arch|pichuang
TW|https://blackarch.cs.nctu.edu.tw/$repo/os/$arch|pichuang
US|http://distro.ibiblio.org/blackarch/$repo/os/$arch|Ibiblio
US|http://mirror.team-cymru.com/blackarch/$repo/os/$arch|TeamCymru
US|https://distro.ibiblio.org/blackarch/$repo/os/$arch|Ibiblio
US|https://mirror.math.princeton.edu/pub/blackarch/$repo/os/$arch|Princeton
WW|https://mirrors.fossho.st/blackarch/$repo/os/$arch|Fosshost
WW|https://mirrors.fosshost.org/blackarch/$repo/os/$arch|Fosshost
