CA|http://blackarch.dropswitch.net/blackarch/$repo/os/$arch|strata
CA|http://mirror.clibre.uqam.ca/blackarch/$repo/os/$arch|uqam
CN|http://mirrors.hustunique.com/blackarch/$repo/os/$arch|hustunique
DE|http://blackarch.nullsecurity.net/blackarch/$repo/os/$arch|Nullsecurity
DE|http://www.blackarch.org/blackarch/$repo/os/$arch|BlackArch
DE|http://blackarch1.curesec.com/blackarch/$repo/os/$arch|Cursec
DE|http://blackarch2.curesec.com/blackarch/$repo/os/$arch|Cursec
EC|http://mirror.cedia.org.ec/blackarch/$repo/os/$arch|w4rk3n
EC|http://mirror.espoch.edu.ec/blackarch/$repo/os/$arch|w4rk3n
ES|http://blackarch.smartdefence.cl/blackarch/$repo/os/$arch|w4rk3n
FR|http://blackarch.leneveu.fr/blackarch/$repo/os/$arch|JayCie
FR|http://blackarch.pi3rrot.net/blackarch/$repo/os/$arch|Pi3rrot
FR|http://mirror.adversec.com/blackarch/$repo/os/$arch|takeshix
GB|http://www.mirrorservice.org/sites/blackarch.org/blackarch/$repo/os/$arch|mirrorservice
IE|http://ftp.heanet.ie/mirrors/blackarch/$repo/os/$arch|heanet
JP|http://www.ftp.ne.jp/Linux/packages/blackarch/$repo/os/$arch|ne
NL|http://blackarch.pr0s3c.nl/blackarch/$repo/os/$arch|pr0s3c
NL|https://kluisip.nl/public/blackarch/$repo/os/$arch|kluisip
RU|http://mirror.yandex.ru/mirrors/blackarch/$repo/os/$arch|yandex
SE|http://mirror.zetup.net/blackarch/$repo/os/$arch/|zetup
TR|http://knuth.mirrortr.com/blackarch/$repo/os/$arch/|mirrortr
TW|http://ftp.yzu.edu.tw/Linux/blackarch/$repo/os/$arch|PeterDaveHello
TW|http://blackarch.cs.nctu.edu.tw/blackarch/os/$arch|pichuang
US|http://blackarch.paraxor.com/blackarch/$repo/os/$arch|Paraxor
US|https://deadbeef.ninja/blackarch/$repo/os/$arch|deadbeef
US|http://mirror.jmu.edu/blackarch/$repo/os/$arch|jmu
US|http://mirror.oss.maxcdn.com/blackarch/$repo/os/$arch|maxcdn
US|http://mirror.team-cymru.org/blackarch/$repo/os/$arch|TeamCymru
ZA|http://blackarch.co.za/blackarch/$repo/os/$arch|rurapenthe
